{"timestamp":"2026-07-30T12:01:18+00:00","level":"info","application":"app-api","server":"VM2-Application-Server-1","php":"7.4.33","message":"request handled","context":{"method":"GET","path":"/api/health","status":200,"duration_ms":1}}
{"timestamp":"2026-07-30T12:02:05+00:00","level":"info","application":"app-api","server":"VM2-Application-Server-1","php":"7.4.33","message":"request handled","context":{"method":"GET","path":"/","status":200,"duration_ms":0}}
{"timestamp":"2026-07-30T12:02:05+00:00","level":"info","application":"app-api","server":"VM2-Application-Server-1","php":"7.4.33","message":"request handled","context":{"method":"GET","path":"/api/health","status":200,"duration_ms":1}}
{"timestamp":"2026-07-30T12:02:05+00:00","level":"info","application":"app-api","server":"VM2-Application-Server-1","php":"7.4.33","message":"request handled","context":{"method":"GET","path":"/api/servers","status":200,"duration_ms":1}}
{"timestamp":"2026-07-30T12:02:05+00:00","level":"info","application":"app-api","server":"VM2-Application-Server-1","php":"7.4.33","message":"request handled","context":{"method":"GET","path":"/api/servers/vm2","status":200,"duration_ms":1}}
{"timestamp":"2026-07-30T12:02:05+00:00","level":"info","application":"app-api","server":"VM2-Application-Server-1","php":"7.4.33","message":"request handled","context":{"method":"GET","path":"/api/applications","status":200,"duration_ms":1}}
{"timestamp":"2026-07-30T12:02:05+00:00","level":"info","application":"app-api","server":"VM2-Application-Server-1","php":"7.4.33","message":"request handled","context":{"method":"GET","path":"/api/applications/app-api","status":200,"duration_ms":1}}
{"timestamp":"2026-07-30T12:02:05+00:00","level":"info","application":"app-api","server":"VM2-Application-Server-1","php":"7.4.33","message":"request handled","context":{"method":"GET","path":"/api/deployments","status":200,"duration_ms":1}}
{"timestamp":"2026-07-30T12:02:05+00:00","level":"info","application":"app-api","server":"VM2-Application-Server-1","php":"7.4.33","message":"request handled","context":{"method":"GET","path":"/metrics","status":200,"duration_ms":1}}
{"timestamp":"2026-07-30T12:02:05+00:00","level":"info","application":"app-api","server":"VM2-Application-Server-1","php":"7.4.33","message":"request handled","context":{"method":"GET","path":"/api/nope","status":404,"duration_ms":0}}
{"timestamp":"2026-07-30T12:02:21+00:00","level":"info","application":"app-api","server":"VM2-Application-Server-1","php":"7.4.33","message":"deployment recorded","context":{"id":9,"application":"app-api","result":"success"}}
{"timestamp":"2026-07-30T12:02:21+00:00","level":"info","application":"app-api","server":"VM2-Application-Server-1","php":"7.4.33","message":"request handled","context":{"method":"POST","path":"/api/deployments","status":201,"duration_ms":6}}
{"timestamp":"2026-07-30T12:02:21+00:00","level":"info","application":"app-api","server":"VM2-Application-Server-1","php":"7.4.33","message":"request handled","context":{"method":"POST","path":"/api/deployments","status":401,"duration_ms":0}}
{"timestamp":"2026-07-30T12:02:21+00:00","level":"info","application":"app-api","server":"VM2-Application-Server-1","php":"7.4.33","message":"request handled","context":{"method":"GET","path":"/metrics","status":200,"duration_ms":2}}
{"timestamp":"2026-07-30T12:17:25+00:00","level":"info","application":"app-api","server":"VM2-Application-Server-1","php":"7.4.33","message":"request handled","context":{"method":"GET","path":"/","status":200,"duration_ms":0}}
{"timestamp":"2026-07-30T12:17:25+00:00","level":"info","application":"app-api","server":"VM2-Application-Server-1","php":"7.4.33","message":"request handled","context":{"method":"GET","path":"/api/health","status":200,"duration_ms":6}}
{"timestamp":"2026-07-30T12:17:25+00:00","level":"info","application":"app-api","server":"VM2-Application-Server-1","php":"7.4.33","message":"request handled","context":{"method":"GET","path":"/api/servers","status":200,"duration_ms":7}}
{"timestamp":"2026-07-30T12:17:25+00:00","level":"info","application":"app-api","server":"VM2-Application-Server-1","php":"7.4.33","message":"request handled","context":{"method":"GET","path":"/api/servers/vm2","status":200,"duration_ms":5}}
{"timestamp":"2026-07-30T12:17:25+00:00","level":"info","application":"app-api","server":"VM2-Application-Server-1","php":"7.4.33","message":"request handled","context":{"method":"GET","path":"/api/applications","status":200,"duration_ms":10}}
{"timestamp":"2026-07-30T12:17:25+00:00","level":"info","application":"app-api","server":"VM2-Application-Server-1","php":"7.4.33","message":"request handled","context":{"method":"GET","path":"/api/applications/app-api","status":200,"duration_ms":29}}
{"timestamp":"2026-07-30T12:17:26+00:00","level":"info","application":"app-api","server":"VM2-Application-Server-1","php":"7.4.33","message":"request handled","context":{"method":"GET","path":"/api/deployments","status":200,"duration_ms":15}}
{"timestamp":"2026-07-30T12:17:26+00:00","level":"info","application":"app-api","server":"VM2-Application-Server-1","php":"7.4.33","message":"request handled","context":{"method":"GET","path":"/metrics","status":200,"duration_ms":19}}
{"timestamp":"2026-07-30T12:17:26+00:00","level":"info","application":"app-api","server":"VM2-Application-Server-1","php":"7.4.33","message":"request handled","context":{"method":"GET","path":"/api/nope","status":404,"duration_ms":0}}
{"timestamp":"2026-07-30T12:17:26+00:00","level":"info","application":"app-api","server":"VM2-Application-Server-1","php":"7.4.33","message":"request handled","context":{"method":"GET","path":"/api/health","status":200,"duration_ms":15}}
{"timestamp":"2026-07-30T12:17:26+00:00","level":"info","application":"app-api","server":"VM2-Application-Server-1","php":"7.4.33","message":"request handled","context":{"method":"POST","path":"/api/deployments","status":401,"duration_ms":0}}
{"timestamp":"2026-07-30T12:17:26+00:00","level":"info","application":"app-api","server":"VM2-Application-Server-1","php":"7.4.33","message":"deployment recorded","context":{"id":9,"application":"app-api","result":"success"}}
{"timestamp":"2026-07-30T12:17:26+00:00","level":"info","application":"app-api","server":"VM2-Application-Server-1","php":"7.4.33","message":"request handled","context":{"method":"POST","path":"/api/deployments","status":201,"duration_ms":15}}
{"timestamp":"2026-07-30T12:17:51+00:00","level":"info","application":"app-api","server":"VM2-Application-Server-1","php":"7.4.33","message":"request handled","context":{"method":"GET","path":"/","status":200,"duration_ms":0}}
{"timestamp":"2026-07-30T12:18:30+00:00","level":"info","application":"app-api","server":"VM2-Application-Server-1","php":"7.4.33","message":"request handled","context":{"method":"GET","path":"/api/servers","status":200,"duration_ms":6}}
{"timestamp":"2026-07-30T12:18:49+00:00","level":"info","application":"app-api","server":"VM2-Application-Server-1","php":"7.4.33","message":"request handled","context":{"method":"GET","path":"/api/deployments","status":200,"duration_ms":5}}
{"timestamp":"2026-07-30T12:24:04+00:00","level":"info","application":"app-api","server":"VM2-Application-Server-1","php":"7.4.33","message":"request handled","context":{"method":"GET","path":"/api/deployments","status":200,"duration_ms":5}}
{"timestamp":"2026-07-30T12:24:04+00:00","level":"info","application":"app-api","server":"VM2-Application-Server-1","php":"7.4.33","message":"request handled","context":{"method":"GET","path":"/api/deployments","status":200,"duration_ms":7}}
{"timestamp":"2026-07-30T12:24:05+00:00","level":"info","application":"app-api","server":"VM2-Application-Server-1","php":"7.4.33","message":"request handled","context":{"method":"GET","path":"/api/deployments","status":200,"duration_ms":5}}
{"timestamp":"2026-07-30T12:24:05+00:00","level":"info","application":"app-api","server":"VM2-Application-Server-1","php":"7.4.33","message":"request handled","context":{"method":"GET","path":"/api/deployments","status":200,"duration_ms":6}}
{"timestamp":"2026-07-30T12:24:06+00:00","level":"info","application":"app-api","server":"VM2-Application-Server-1","php":"7.4.33","message":"request handled","context":{"method":"GET","path":"/api/deployments","status":200,"duration_ms":27}}
{"timestamp":"2026-07-30T12:24:40+00:00","level":"info","application":"app-api","server":"VM2-Application-Server-1","php":"7.4.33","message":"request handled","context":{"method":"GET","path":"/api/metrics","status":404,"duration_ms":0}}
{"timestamp":"2026-07-30T12:24:47+00:00","level":"info","application":"app-api","server":"VM2-Application-Server-1","php":"7.4.33","message":"request handled","context":{"method":"GET","path":"/metrics","status":200,"duration_ms":510}}
{"timestamp":"2026-07-30T12:24:47+00:00","level":"info","application":"app-api","server":"VM2-Application-Server-1","php":"7.4.33","message":"request handled","context":{"method":"GET","path":"/favicon.ico","status":404,"duration_ms":0}}
{"timestamp":"2026-07-30T12:27:20+00:00","level":"info","application":"app-api","server":"VM2-Application-Server-1","php":"7.4.33","message":"request handled","context":{"method":"GET","path":"/","status":200,"duration_ms":0}}
{"timestamp":"2026-07-30T12:35:10+00:00","level":"info","application":"app-api","server":"VM2-Application-Server-1","php":"7.4.33","message":"request handled","context":{"method":"GET","path":"/api/applications","status":200,"duration_ms":14}}
{"timestamp":"2026-07-30T12:35:10+00:00","level":"info","application":"app-api","server":"VM2-Application-Server-1","php":"7.4.33","message":"request handled","context":{"method":"GET","path":"/api/servers","status":200,"duration_ms":5}}
{"timestamp":"2026-07-30T12:35:10+00:00","level":"info","application":"app-api","server":"VM2-Application-Server-1","php":"7.4.33","message":"request handled","context":{"method":"GET","path":"/api/deployments","status":200,"duration_ms":6}}
{"timestamp":"2026-07-30T12:35:38+00:00","level":"info","application":"app-api","server":"VM2-Application-Server-1","php":"7.4.33","message":"request handled","context":{"method":"GET","path":"/api/applications","status":200,"duration_ms":11}}
{"timestamp":"2026-07-30T12:35:38+00:00","level":"info","application":"app-api","server":"VM2-Application-Server-1","php":"7.4.33","message":"request handled","context":{"method":"GET","path":"/api/servers","status":200,"duration_ms":27}}
{"timestamp":"2026-07-30T12:35:39+00:00","level":"info","application":"app-api","server":"VM2-Application-Server-1","php":"7.4.33","message":"request handled","context":{"method":"GET","path":"/api/deployments","status":200,"duration_ms":5}}
{"timestamp":"2026-07-30T12:37:46+00:00","level":"info","application":"app-api","server":"VM2-Application-Server-1","php":"7.4.33","message":"request handled","context":{"method":"GET","path":"/api/applications","status":200,"duration_ms":11}}
{"timestamp":"2026-07-30T12:37:46+00:00","level":"info","application":"app-api","server":"VM2-Application-Server-1","php":"7.4.33","message":"request handled","context":{"method":"GET","path":"/api/servers","status":200,"duration_ms":25}}
{"timestamp":"2026-07-30T12:37:46+00:00","level":"info","application":"app-api","server":"VM2-Application-Server-1","php":"7.4.33","message":"request handled","context":{"method":"GET","path":"/api/deployments","status":200,"duration_ms":5}}
{"timestamp":"2026-07-30T12:38:45+00:00","level":"info","application":"app-api","server":"VM2-Application-Server-1","php":"7.4.33","message":"request handled","context":{"method":"GET","path":"/api/applications","status":200,"duration_ms":11}}
{"timestamp":"2026-07-30T12:38:45+00:00","level":"info","application":"app-api","server":"VM2-Application-Server-1","php":"7.4.33","message":"request handled","context":{"method":"GET","path":"/api/servers","status":200,"duration_ms":5}}
{"timestamp":"2026-07-30T12:38:45+00:00","level":"info","application":"app-api","server":"VM2-Application-Server-1","php":"7.4.33","message":"request handled","context":{"method":"GET","path":"/api/deployments","status":200,"duration_ms":4}}
{"timestamp":"2026-07-30T12:39:00+00:00","level":"info","application":"app-api","server":"VM2-Application-Server-1","php":"7.4.33","message":"request handled","context":{"method":"GET","path":"/api/applications","status":200,"duration_ms":19}}
{"timestamp":"2026-07-30T12:39:00+00:00","level":"info","application":"app-api","server":"VM2-Application-Server-1","php":"7.4.33","message":"request handled","context":{"method":"GET","path":"/api/servers","status":200,"duration_ms":31}}
{"timestamp":"2026-07-30T12:39:00+00:00","level":"info","application":"app-api","server":"VM2-Application-Server-1","php":"7.4.33","message":"request handled","context":{"method":"GET","path":"/api/deployments","status":200,"duration_ms":28}}
{"timestamp":"2026-07-30T12:40:06+00:00","level":"info","application":"app-api","server":"VM2-Application-Server-1","php":"7.4.33","message":"request handled","context":{"method":"GET","path":"/api/applications","status":200,"duration_ms":13}}
{"timestamp":"2026-07-30T12:40:06+00:00","level":"info","application":"app-api","server":"VM2-Application-Server-1","php":"7.4.33","message":"request handled","context":{"method":"GET","path":"/api/servers","status":200,"duration_ms":5}}
{"timestamp":"2026-07-30T12:40:06+00:00","level":"info","application":"app-api","server":"VM2-Application-Server-1","php":"7.4.33","message":"request handled","context":{"method":"GET","path":"/api/deployments","status":200,"duration_ms":27}}
{"timestamp":"2026-07-30T12:42:06+00:00","level":"info","application":"app-api","server":"VM2-Application-Server-1","php":"7.4.33","message":"request handled","context":{"method":"GET","path":"/api/applications","status":200,"duration_ms":11}}
{"timestamp":"2026-07-30T12:42:06+00:00","level":"info","application":"app-api","server":"VM2-Application-Server-1","php":"7.4.33","message":"request handled","context":{"method":"GET","path":"/api/servers","status":200,"duration_ms":5}}
{"timestamp":"2026-07-30T12:42:06+00:00","level":"info","application":"app-api","server":"VM2-Application-Server-1","php":"7.4.33","message":"request handled","context":{"method":"GET","path":"/api/deployments","status":200,"duration_ms":6}}
{"timestamp":"2026-07-30T18:24:53+00:00","level":"info","application":"app-api","server":"VM2-Application-Server-1","php":"7.4.33","message":"request handled","context":{"method":"GET","path":"/api/health","status":200,"duration_ms":23}}
{"timestamp":"2026-07-30T18:25:10+00:00","level":"info","application":"app-api","server":"VM2-Application-Server-1","php":"7.4.33","message":"request handled","context":{"method":"GET","path":"/api/health","status":200,"duration_ms":6}}
{"timestamp":"2026-07-30T18:25:22+00:00","level":"info","application":"app-api","server":"VM2-Application-Server-1","php":"7.4.33","message":"request handled","context":{"method":"GET","path":"/api/health","status":200,"duration_ms":25}}
{"timestamp":"2026-07-30T18:25:41+00:00","level":"info","application":"app-api","server":"VM2-Application-Server-1","php":"7.4.33","message":"request handled","context":{"method":"GET","path":"/api/health","status":200,"duration_ms":25}}
{"timestamp":"2026-07-30T18:28:40+00:00","level":"info","application":"app-api","server":"VM2-Application-Server-1","php":"7.4.33","message":"request handled","context":{"method":"GET","path":"/api/applications","status":200,"duration_ms":16}}
{"timestamp":"2026-07-30T19:14:16+00:00","level":"info","application":"app-api","server":"VM2-Application-Server-1","php":"7.4.33","message":"request handled","context":{"method":"GET","path":"/api/health","status":200,"duration_ms":11}}
{"timestamp":"2026-07-30T19:14:33+00:00","level":"info","application":"app-api","server":"VM2-Application-Server-1","php":"7.4.33","message":"request handled","context":{"method":"GET","path":"/api/health","status":200,"duration_ms":7}}
{"timestamp":"2026-07-30T19:14:37+00:00","level":"info","application":"app-api","server":"VM2-Application-Server-1","php":"7.4.33","message":"request handled","context":{"method":"GET","path":"/api/health","status":200,"duration_ms":7}}
{"timestamp":"2026-07-30T19:15:05+00:00","level":"info","application":"app-api","server":"VM2-Application-Server-1","php":"7.4.33","message":"request handled","context":{"method":"GET","path":"/api/health","status":200,"duration_ms":28}}
{"timestamp":"2026-07-30T19:15:06+00:00","level":"info","application":"app-api","server":"VM2-Application-Server-1","php":"7.4.33","message":"request handled","context":{"method":"GET","path":"/api/health","status":200,"duration_ms":8}}
{"timestamp":"2026-07-30T19:28:50+00:00","level":"info","application":"app-api","server":"VM2-Application-Server-1","php":"7.4.33","message":"request handled","context":{"method":"GET","path":"/api/health","status":200,"duration_ms":7}}
{"timestamp":"2026-07-30T19:29:00+00:00","level":"info","application":"app-api","server":"VM2-Application-Server-1","php":"7.4.33","message":"request handled","context":{"method":"GET","path":"/api/health","status":200,"duration_ms":9}}
{"timestamp":"2026-07-30T19:29:05+00:00","level":"info","application":"app-api","server":"VM2-Application-Server-1","php":"7.4.33","message":"request handled","context":{"method":"GET","path":"/api/health","status":200,"duration_ms":6}}
{"timestamp":"2026-07-30T19:31:31+00:00","level":"info","application":"app-api","server":"VM2-Application-Server-1","php":"7.4.33","message":"request handled","context":{"method":"GET","path":"/api/health","status":200,"duration_ms":6}}
{"timestamp":"2026-07-30T21:46:49+00:00","level":"info","application":"app-api","server":"VM2-Application-Server-1","php":"7.4.33","message":"request handled","context":{"method":"GET","path":"/api/health","status":200,"duration_ms":8}}
{"timestamp":"2026-07-30T21:46:56+00:00","level":"info","application":"app-api","server":"VM2-Application-Server-1","php":"7.4.33","message":"request handled","context":{"method":"GET","path":"/metrics","status":200,"duration_ms":28}}
